<!DOCTYPE html><html><head><title>IRC channel logs</title><style>html {
  background: #fdfdfd;
}

h1 {
  font-weight: 300;
}

h2 {
  font-weight: 200;
}

h3 {
  padding: .5em 0;
  border-top: 3px dotted #ddd;
  margin-bottom: 0;
}

form {
  width: 400px;
  display: flex;
}

input {
  width: 100%;
  display: flex;
  border-radius: .25em 0 0 .25em;
  border: 1px solid #aaa;
  border-right: 0;
  padding: 0.5em;
}

button {
  display: flex;
  border-radius: 0 .25em .25em 0;
  background-color: #007bff;
  border: 1px solid #007bff;
  padding: .5em;
  cursor: pointer;
  color: white;
}

button:hover {
  background-color: #0069d9;
  border-color: #0062cc;
}

a {
  color: #007bff;
  text-decoration: none;
}

a:hover {
  text-decoration: underline;
}

h4 {
  margin-bottom: .5em;
}

table td {
  padding: 0.75em;
}

table tr:hover {
  background: #eee;
}

.year {
  display: table;
}

.month {
  display: table-cell;
  padding-right: 1em;
}

ul {
  margin: 0;
  padding: 0;
  list-style: none;
}

.nick {
  padding-right: 0.6rem;
  font-weight: bold;
  text-align: right;
  width: 13rem;
  display: table-cell;
}

.nick a {
  color: inherit;
  text-decoration: none;
}

.message {
  display: table-cell;
  padding-left: 0.6rem;
  border-left: 2px solid #333;
}

.notice {
  color: #859900;
  font-style: italic;
}

.line {
  line-height: 1.8rem;
  display: table;
}

#logs {
  margin-top: 1.5rem;
  padding: 1.5rem;
}
</style></head><body><h1>IRC channel logs</h1><h2>2024-11-07.log</h2><p><a href="/bootstrappable">back to list of logs</a></p><div id="logs"><div class="line" id="205401"><span class="nick" style="color:#389600"><a href="#205401" label="[20:54:01]">&lt;matrix_bridge&gt;</a></span><span class="message">&lt;cosinusoidally&gt; the bash shell on fiwix is fairly flakey.  Thank goodness for qemu savevm and loadvm snapshots so I don't have to wait for a 20 minute boot cycle each time I reboot. I had to copy the disk to a qcow2 image before snapshots would work.</span></div><div class="line" id="205603"><span class="nick" style="color:#389600"><a href="#205603" label="[20:56:03]">&lt;matrix_bridge&gt;</a></span><span class="message">&lt;cosinusoidally&gt; Next question is how to get things in and out of the live-bootstrap version of fiwix. I might need to knock together some program to allow data transfer over the serial port.</span></div><div class="line" id="205809"><span class="nick" style="color:#8dd3c7"><a href="#205809" label="[20:58:09]">&lt;Mikaku&gt;</a></span><span class="message">cosinusoidally: Bash 4.4 works flawlessly on FiwixOS, I have not tested ancient versions of Bash though</span></div><div class="line" id="205851"><span class="nick" style="color:#8dd3c7"><a href="#205851" label="[20:58:51]">&lt;Mikaku&gt;</a></span><span class="message">regarding how to include software on a live Fiwix version, you might consider using an ISO9660 CDROM</span></div><div class="line" id="210016"><span class="nick" style="color:#8dd3c7"><a href="#210016" label="[21:00:16]">&lt;Mikaku&gt;</a></span><span class="message">is might be uncomfortable having to create a CDROM, but is the fastest method</span></div><div class="line" id="215144"><span class="nick" style="color:#389600"><a href="#215144" label="[21:51:44]">&lt;matrix_bridge&gt;</a></span><span class="message">&lt;cosinusoidally&gt; Mikaku: I'm running live-bootstrap at a fairly early stage. I don't even seem to have the mount command yet.</span></div><div class="line" id="215601"><span class="nick" style="color:#389600"><a href="#215601" label="[21:56:01]">&lt;matrix_bridge&gt;</a></span><span class="message">&lt;cosinusoidally&gt; I might try pushing the build of the mount command earlier in the bootstrap process and then use a cdrom image for bulk data transfers.</span></div><div class="line" id="220332"><span class="nick" style="color:#8dd3c7"><a href="#220332" label="[22:03:32]">&lt;Mikaku&gt;</a></span><span class="message">cosinusoidally: you might also consider building an early version of Busybox, like 1.01 (used in the FiwixOS Installation CDROM) which was the last one without excessive Linux dependencies</span></div><div class="line" id="220604"><span class="nick" style="color:#389600"><a href="#220604" label="[22:06:04]">&lt;matrix_bridge&gt;</a></span><span class="message">&lt;cosinusoidally&gt; Interesting, I might have a look at that thanks. btw I've noticed commits going into fiwix around networking. Is fiwix far from having network support?</span></div><div class="line" id="220726"><span class="nick" style="color:#8dd3c7"><a href="#220726" label="[22:07:26]">&lt;Mikaku&gt;</a></span><span class="message">well, networking is something big for me, but it's in my plan to try to implement it on the next cycle</span></div><div class="line" id="220735"><span class="nick" style="color:#8dd3c7"><a href="#220735" label="[22:07:35]">&lt;Mikaku&gt;</a></span><span class="message">we'll see</span></div><div class="line" id="221005"><span class="nick" style="color:#8dd3c7"><a href="#221005" label="[22:10:05]">&lt;Mikaku&gt;</a></span><span class="message">cosinusoidally: will networking solve something in such an early stage?, I mean, you'll have net tools already built to transfer data?</span></div><div class="line" id="221359"><span class="nick" style="color:#389600"><a href="#221359" label="[22:13:59]">&lt;matrix_bridge&gt;</a></span><span class="message">&lt;cosinusoidally&gt; Just for my own personal dev purposes it would be easier for me if I could get things in and out of the system. But this is just a personal project I'm thinking about working on.</span></div><br /></div></body></html>