<!DOCTYPE html><html><head><title>IRC channel logs</title><style>html {
  background: #fdfdfd;
}

h1 {
  font-weight: 300;
}

h2 {
  font-weight: 200;
}

h3 {
  padding: .5em 0;
  border-top: 3px dotted #ddd;
  margin-bottom: 0;
}

form {
  width: 400px;
  display: flex;
}

input {
  width: 100%;
  display: flex;
  border-radius: .25em 0 0 .25em;
  border: 1px solid #aaa;
  border-right: 0;
  padding: 0.5em;
}

button {
  display: flex;
  border-radius: 0 .25em .25em 0;
  background-color: #007bff;
  border: 1px solid #007bff;
  padding: .5em;
  cursor: pointer;
  color: white;
}

button:hover {
  background-color: #0069d9;
  border-color: #0062cc;
}

a {
  color: #007bff;
  text-decoration: none;
}

a:hover {
  text-decoration: underline;
}

h4 {
  margin-bottom: .5em;
}

table td {
  padding: 0.75em;
}

table tr:hover {
  background: #eee;
}

.year {
  display: table;
}

.month {
  display: table-cell;
  padding-right: 1em;
}

ul {
  margin: 0;
  padding: 0;
  list-style: none;
}

.nick {
  padding-right: 0.6rem;
  font-weight: bold;
  text-align: right;
  width: 13rem;
  display: table-cell;
}

.nick a {
  color: inherit;
  text-decoration: none;
}

.message {
  display: table-cell;
  padding-left: 0.6rem;
  border-left: 2px solid #333;
}

.notice {
  color: #859900;
  font-style: italic;
}

.line {
  line-height: 1.8rem;
  display: table;
}

#logs {
  margin-top: 1.5rem;
  padding: 1.5rem;
}
</style></head><body><h1>IRC channel logs</h1><h2>2024-11-26.log</h2><p><a href="/bootstrappable">back to list of logs</a></p><div id="logs"><div class="line" id="030817"><span class="nick" style="color:#389600"><a href="#030817" label="[03:08:17]">&lt;aggi&gt;</a></span><span class="message">Andrius Štikonas) arrives in #bootstrappable                                                                                      2024-11-25 20:06:42 attila_lendvai leaves: Ping timeout: 248 seconds                                                                                            2024-11-25 20:22:43 attila_lendvai (realname) arrives in #bootstrappable</span></div><div class="line" id="030817"><span class="nick" style="color:#389600"><a href="#030817" label="[03:08:17]">&lt;aggi&gt;</a></span><span class="message">                  2024-11-25 20:30:41 surpador leaves: Quit: No Ping reply in 180 seconds.                                                                                        2024-11-25 20:38:27 surpador arrives in #bootstrappable                                                                                                         2024-11-25 20:55:09 Googulator4 leaves: Quit: Client closed</span></div><div class="line" id="030817"><span class="nick" style="color:#389600"><a href="#030817" label="[03:08:17]">&lt;aggi&gt;</a></span><span class="message">                                                                 2024-11-25 20:55:33 Googulator4 ([<a rel="nofollow" href="https://web.libera.chat">https://web.libera.chat</a>]  Googulator4) arrives in #bootstrappable                                                              2024-11-25 20:56:44 surpador leaves: Quit: No Ping reply in 180 seconds.                                                                                        2024-11-25 20:58:33 surpador arrives in #bootstr</span></div><div class="line" id="030817"><span class="nick" style="color:#389600"><a href="#030817" label="[03:08:17]">&lt;aggi&gt;</a></span><span class="message">appable                                                                                                         2024-11-25 21:15:51 madage leaves: Remote host closed the connection                                                                                            2024-11-25 21:16:07 madage arrives in #bootstrappable                                                                                                           2</span></div><div class="line" id="030817"><span class="nick" style="color:#389600"><a href="#030817" label="[03:08:17]">&lt;aggi&gt;</a></span><span class="message">024-11-25 21:37:15 surpador leaves: Quit: No Ping reply in 180 seconds.                                                                                        2024-11-25 21:39:48 surpador arrives in #bootstrappable                                                                                                         2024-</span></div><div class="line" id="030829"><span class="nick" style="color:#389600"><a href="#030829" label="[03:08:29]">&lt;aggi&gt;</a></span><span class="message">sorry.</span></div><br /></div></body></html>