<!DOCTYPE html><html><head><title>IRC channel logs</title><style>html {
  background: #fdfdfd;
}

h1 {
  font-weight: 300;
}

h2 {
  font-weight: 200;
}

h3 {
  padding: .5em 0;
  border-top: 3px dotted #ddd;
  margin-bottom: 0;
}

form {
  width: 400px;
  display: flex;
}

input {
  width: 100%;
  display: flex;
  border-radius: .25em 0 0 .25em;
  border: 1px solid #aaa;
  border-right: 0;
  padding: 0.5em;
}

button {
  display: flex;
  border-radius: 0 .25em .25em 0;
  background-color: #007bff;
  border: 1px solid #007bff;
  padding: .5em;
  cursor: pointer;
  color: white;
}

button:hover {
  background-color: #0069d9;
  border-color: #0062cc;
}

a {
  color: #007bff;
  text-decoration: none;
}

a:hover {
  text-decoration: underline;
}

h4 {
  margin-bottom: .5em;
}

table td {
  padding: 0.75em;
}

table tr:hover {
  background: #eee;
}

.year {
  display: table;
}

.month {
  display: table-cell;
  padding-right: 1em;
}

ul {
  margin: 0;
  padding: 0;
  list-style: none;
}

.nick {
  padding-right: 0.6rem;
  font-weight: bold;
  text-align: right;
  width: 13rem;
  display: table-cell;
}

.nick a {
  color: inherit;
  text-decoration: none;
}

.message {
  display: table-cell;
  padding-left: 0.6rem;
  border-left: 2px solid #333;
}

.notice {
  color: #859900;
  font-style: italic;
}

.line {
  line-height: 1.8rem;
  display: table;
}

#logs {
  margin-top: 1.5rem;
  padding: 1.5rem;
}
</style></head><body><h1>IRC channel logs</h1><h2>2024-09-06.log</h2><p><a href="/bootstrappable">back to list of logs</a></p><div id="logs"><div class="line" id="082817"><span class="nick" style="color:#389600"><a href="#082817" label="[08:28:17]">&lt;kerravon&gt;</a></span><span class="message">hi guys. i was on here a year ago or something and i asked about switches</span></div><div class="line" id="082903"><span class="nick" style="color:#389600"><a href="#082903" label="[08:29:03]">&lt;kerravon&gt;</a></span><span class="message">there used to be computers like this:</span></div><div class="line" id="082905"><span class="nick" style="color:#389600"><a href="#082905" label="[08:29:05]">&lt;kerravon&gt;</a></span><span class="message"> <a rel="nofollow" href="https://en.wikipedia.org/wiki/Altair_8800">https://en.wikipedia.org/wiki/Altair_8800</a> </span></div><div class="line" id="082943"><span class="nick" style="color:#389600"><a href="#082943" label="[08:29:43]">&lt;kerravon&gt;</a></span><span class="message">and i was wondering if they could still be bought new - and the answer was that there were no new computers like that</span></div><div class="line" id="083008"><span class="nick" style="color:#389600"><a href="#083008" label="[08:30:08]">&lt;kerravon&gt;</a></span><span class="message">but i asked someone else recently and they said that i could do this:</span></div><div class="line" id="083010"><span class="nick" style="color:#389600"><a href="#083010" label="[08:30:10]">&lt;kerravon&gt;</a></span><span class="message"> <a rel="nofollow" href="https://www.electronicsforu.com/electronics-projects/manual-eprom-programmer">https://www.electronicsforu.com/electronics-projects/manual-eprom-programmer</a> </span></div><div class="line" id="083048"><span class="nick" style="color:#389600"><a href="#083048" label="[08:30:48]">&lt;kerravon&gt;</a></span><span class="message">program an EPROM via switches and then use that to access a CF card in the Book 8088</span></div><div class="line" id="083204"><span class="nick" style="color:#389600"><a href="#083204" label="[08:32:04]">&lt;kerravon&gt;</a></span><span class="message">the thing is, this guy:</span></div><div class="line" id="083207"><span class="nick" style="color:#389600"><a href="#083207" label="[08:32:07]">&lt;kerravon&gt;</a></span><span class="message"> <a rel="nofollow" href="https://bootstrapping.miraheze.org/wiki/Stage0">https://bootstrapping.miraheze.org/wiki/Stage0</a> </span></div><div class="line" id="083222"><span class="nick" style="color:#389600"><a href="#083222" label="[08:32:22]">&lt;kerravon&gt;</a></span><span class="message">says:</span></div><div class="line" id="083227"><span class="nick" style="color:#389600"><a href="#083227" label="[08:32:27]">&lt;kerravon&gt;</a></span><span class="message">&quot;A sub 500 byte hex monitor [How you create it is up to you; I like toggling it in manually myself]&quot;</span></div><div class="line" id="083300"><span class="nick" style="color:#389600"><a href="#083300" label="[08:33:00]">&lt;kerravon&gt;</a></span><span class="message">as if it is normal to have access to toggle switches</span></div><div class="line" id="083330"><span class="nick" style="color:#389600"><a href="#083330" label="[08:33:30]">&lt;kerravon&gt;</a></span><span class="message">but it isn't - you can't buy such a machine new</span></div><div class="line" id="083444"><span class="nick" style="color:#389600"><a href="#083444" label="[08:34:44]">&lt;kerravon&gt;</a></span><span class="message">even the eprom programmer above can't be bought new, but that's the closest thing we have to something buyable new</span></div><div class="line" id="084323"><span class="nick" style="color:#8dd3c7"><a href="#084323" label="[08:43:23]">&lt;lanodan&gt;</a></span><span class="message">Also entering ~500 bytes without any mistakes seems… strange, I think I'd rather have something like hex0 on an 8-bit computer so it's words instead, easier to check and batch.</span></div><div class="line" id="173835"><span class="nick" style="color:#2e2a4a"><a href="#173835" label="[17:38:35]">&lt;oriansj&gt;</a></span><span class="message">kerravon: it feels normal to me (but I might just be weird). But if you notice the programming circuit in the URL you linked isn't for buying but for making yourself using a voltage regulator and a 555 clock IC (which you could replace with something else).</span></div><div class="line" id="174312"><span class="nick" style="color:#2e2a4a"><a href="#174312" label="[17:43:12]">&lt;oriansj&gt;</a></span><span class="message">You even can make your own 555 <a rel="nofollow" href="https://hackaday.com/2021/12/20/all-hail-your-new-giant-555-timer-overlord/">https://hackaday.com/2021/12/20/all-hail-your-new-giant-555-timer-overlord/</a>  <a rel="nofollow" href="https://www.instructables.com/Working-MEGA-555/">https://www.instructables.com/Working-MEGA-555/</a> </span></div><div class="line" id="174456"><span class="nick" style="color:#2e2a4a"><a href="#174456" label="[17:44:56]">&lt;oriansj&gt;</a></span><span class="message">lanodan: well the idea is anyone should be empowered to make their root of trust anyway that they want using any architecture, method or way that they want.</span></div><div class="line" id="174514"><span class="nick" style="color:#2e2a4a"><a href="#174514" label="[17:45:14]">&lt;oriansj&gt;</a></span><span class="message">If you want to toggle words or bytes or bits; fine no problem.</span></div><div class="line" id="174533"><span class="nick" style="color:#2e2a4a"><a href="#174533" label="[17:45:33]">&lt;oriansj&gt;</a></span><span class="message">If you want to use a reel of punched paper or metal tape, also cool.</span></div><div class="line" id="174544"><span class="nick" style="color:#2e2a4a"><a href="#174544" label="[17:45:44]">&lt;oriansj&gt;</a></span><span class="message">If punch cards hold your fancy, go for it</span></div><div class="line" id="174619"><span class="nick" style="color:#2e2a4a"><a href="#174619" label="[17:46:19]">&lt;oriansj&gt;</a></span><span class="message">If you trust a floppy disk, go forth and use what you trust.</span></div><div class="line" id="211403"><span class="nick" style="color:#8dd3c7"><a href="#211403" label="[21:14:03]">&lt;lanodan&gt;</a></span><span class="message">Yup just can't really see doing ~500 toggles without any mistakes, while yeah something some sort of automation of that with punched cards makes sense, and in fact makes me wonder if it somehow could be used today specially on x86. (I think on sparc/macppc/some-riscv/… you could use raw serial or ZMODEM to send bytes)</span></div><div class="line" id="211941"><span class="nick" style="color:#8dd3c7"><a href="#211941" label="[21:19:41]">&lt;lanodan&gt;</a></span><span class="message">At least problem I see on x86 is ending up with extra software in your custom boot device (which would also need an EPROM) that is several times bigger than 500 bytes and could very well swap some bytes.</span></div><div class="line" id="215347"><span class="nick" style="color:#2e2a4a"><a href="#215347" label="[21:53:47]">&lt;oriansj&gt;</a></span><span class="message">lanodan: well if you are programming an eeprom with toggles, you can make mistakes and just change the bytes that are wrong.</span></div><div class="line" id="215414"><span class="nick" style="color:#8dd3c7"><a href="#215414" label="[21:54:14]">&lt;lanodan&gt;</a></span><span class="message">Ah yeah right</span></div><div class="line" id="215432"><span class="nick" style="color:#2e2a4a"><a href="#215432" label="[21:54:32]">&lt;oriansj&gt;</a></span><span class="message">but yes, putting the source code onto the media is a much bigger problem</span></div><div class="line" id="215449"><span class="nick" style="color:#2e2a4a"><a href="#215449" label="[21:54:49]">&lt;oriansj&gt;</a></span><span class="message">but that is why we have sha256sum in mescc-tools-extra</span></div><div class="line" id="215610"><span class="nick" style="color:#2e2a4a"><a href="#215610" label="[21:56:10]">&lt;oriansj&gt;</a></span><span class="message">and tools like SET, SIN and MORE can be used to audit the source code; while also being something you could implement in hex0 if you wanted.</span></div><div class="line" id="220124"><span class="nick" style="color:#2e2a4a"><a href="#220124" label="[22:01:24]">&lt;oriansj&gt;</a></span><span class="message">and if doing an EEPROM, there is no firmware in the system except what you put in the EEPROM (aka, you'll have to include your own BIOS routines which will be far larger than your hex0 monitor)</span></div><br /></div></body></html>