<!DOCTYPE html><html><head><title>IRC channel logs</title><style>html {
  background: #fdfdfd;
}

h1 {
  font-weight: 300;
}

h2 {
  font-weight: 200;
}

h3 {
  padding: .5em 0;
  border-top: 3px dotted #ddd;
  margin-bottom: 0;
}

form {
  width: 400px;
  display: flex;
}

input {
  width: 100%;
  display: flex;
  border-radius: .25em 0 0 .25em;
  border: 1px solid #aaa;
  border-right: 0;
  padding: 0.5em;
}

button {
  display: flex;
  border-radius: 0 .25em .25em 0;
  background-color: #007bff;
  border: 1px solid #007bff;
  padding: .5em;
  cursor: pointer;
  color: white;
}

button:hover {
  background-color: #0069d9;
  border-color: #0062cc;
}

a {
  color: #007bff;
  text-decoration: none;
}

a:hover {
  text-decoration: underline;
}

h4 {
  margin-bottom: .5em;
}

table td {
  padding: 0.75em;
}

table tr:hover {
  background: #eee;
}

.year {
  display: table;
}

.month {
  display: table-cell;
  padding-right: 1em;
}

ul {
  margin: 0;
  padding: 0;
  list-style: none;
}

.nick {
  padding-right: 0.6rem;
  font-weight: bold;
  text-align: right;
  width: 13rem;
  display: table-cell;
}

.nick a {
  color: inherit;
  text-decoration: none;
}

.message {
  display: table-cell;
  padding-left: 0.6rem;
  border-left: 2px solid #333;
}

.notice {
  color: #859900;
  font-style: italic;
}

.line {
  line-height: 1.8rem;
  display: table;
}

#logs {
  margin-top: 1.5rem;
  padding: 1.5rem;
}
</style></head><body><h1>IRC channel logs</h1><h2>2024-12-09.log</h2><p><a href="/bootstrappable">back to list of logs</a></p><div id="logs"><div class="line" id="014800"><span class="nick" style="color:#389600"><a href="#014800" label="[01:48:00]">&lt;unmush&gt;</a></span><span class="message">Ada/Ed is such an utter pain to work with. Every slightly-different-than-it-expects construct or implementation limitation encountered results in a segfault. I think there have been 4 or 5 times now where the only way I found out how to massage the source to resolve the issue was running adacomp in gdb</span></div><div class="line" id="022618"><span class="nick" style="color:#389600"><a href="#022618" label="[02:26:18]">&lt;unmush&gt;</a></span><span class="message">as a side note, it is remarkable how hard it seems to be to get gdb to not optimize away variables</span></div><div class="line" id="022632"><span class="nick" style="color:#389600"><a href="#022632" label="[02:26:32]">&lt;unmush&gt;</a></span><span class="message">-ggdb3 -Og -g all together doesn't suffice</span></div><div class="line" id="080802"><span class="nick" style="color:#8dd3c7"><a href="#080802" label="[08:08:02]">&lt;matrix_bridge&gt;</a></span><span class="message">&lt;cosinusoidally&gt; unmush: I think -Og still enables some optimisations (supposedly ones that don't interfere with debugging). -O0 should in theory not optimise away variables.</span></div><div class="line" id="213958"><span class="nick" style="color:#2e2a4a"><a href="#213958" label="[21:39:58]">&lt;stikonas&gt;</a></span><span class="message">oh nice, looks like Gentoo is looking into taking mrustc -&gt; rustc bootstrap chain into its main repo</span></div><div class="line" id="214018"><span class="nick" style="color:#2e2a4a"><a href="#214018" label="[21:40:18]">&lt;stikonas&gt;</a></span><span class="message">so I won't have to keep maintaining my overlay to bootstrap rust (well, it will still have Java and Go stuff)</span></div><br /></div></body></html>