<!DOCTYPE html><html><head><title>IRC channel logs</title><style>html {
  background: #fdfdfd;
}

h1 {
  font-weight: 300;
}

h2 {
  font-weight: 200;
}

h3 {
  padding: .5em 0;
  border-top: 3px dotted #ddd;
  margin-bottom: 0;
}

form {
  width: 400px;
  display: flex;
}

input {
  width: 100%;
  display: flex;
  border-radius: .25em 0 0 .25em;
  border: 1px solid #aaa;
  border-right: 0;
  padding: 0.5em;
}

button {
  display: flex;
  border-radius: 0 .25em .25em 0;
  background-color: #007bff;
  border: 1px solid #007bff;
  padding: .5em;
  cursor: pointer;
  color: white;
}

button:hover {
  background-color: #0069d9;
  border-color: #0062cc;
}

a {
  color: #007bff;
  text-decoration: none;
}

a:hover {
  text-decoration: underline;
}

h4 {
  margin-bottom: .5em;
}

table td {
  padding: 0.75em;
}

table tr:hover {
  background: #eee;
}

.year {
  display: table;
}

.month {
  display: table-cell;
  padding-right: 1em;
}

ul {
  margin: 0;
  padding: 0;
  list-style: none;
}

.nick {
  padding-right: 0.6rem;
  font-weight: bold;
  text-align: right;
  width: 13rem;
  display: table-cell;
}

.nick a {
  color: inherit;
  text-decoration: none;
}

.message {
  display: table-cell;
  padding-left: 0.6rem;
  border-left: 2px solid #333;
}

.notice {
  color: #859900;
  font-style: italic;
}

.line {
  line-height: 1.8rem;
  display: table;
}

#logs {
  margin-top: 1.5rem;
  padding: 1.5rem;
}
</style></head><body><h1>IRC channel logs</h1><h2>2024-10-11.log</h2><p><a href="/bootstrappable">back to list of logs</a></p><div id="logs"><div class="line" id="015853"><span class="nick" style="color:#389600"><a href="#015853" label="[01:58:53]">&lt;matrix_bridge&gt;</a></span><span class="message">&lt;Andrius Štikonas&gt; anyway, I didn't change anything except restarted heisenbridge... So I don't know how it went into a bad state</span></div><div class="line" id="213011"><span class="nick" style="color:#8dd3c7"><a href="#213011" label="[21:30:11]">&lt;oriansj&gt;</a></span><span class="message">cosinusoidally: on the topic of sectorC; yes that has been previously explored; its &quot;inline assembly&quot; is just: asm 180; asm  83; asm 176; asm   0; asm  49; asm 219; (so literally you are just not much better than hex0 in terms of audit)</span></div><div class="line" id="213106"><span class="nick" style="color:#8dd3c7"><a href="#213106" label="[21:31:06]">&lt;oriansj&gt;</a></span><span class="message">it has no labels, nor locals, it is limited to 26 globals</span></div><div class="line" id="213246"><span class="nick" style="color:#8dd3c7"><a href="#213246" label="[21:32:46]">&lt;oriansj&gt;</a></span><span class="message">functions don't return anything</span></div><div class="line" id="213700"><span class="nick" style="color:#8dd3c7"><a href="#213700" label="[21:37:00]">&lt;oriansj&gt;</a></span><span class="message">but given all of that; it is an excellent bit of programming which packs in a great deal in 510 bytes</span></div><div class="line" id="214813"><span class="nick" style="color:#8dd3c7"><a href="#214813" label="[21:48:13]">&lt;oriansj&gt;</a></span><span class="message">so, in theory one should be able to use it as a bootstrap root too and with some cleverness probably even be better than stage0. But the first things you'll have to write is a proper linker, assembler and C compiler (which depending on your definition of proper will either be a couple days of effort to several years)</span></div><div class="line" id="214829"><span class="nick" style="color:#8dd3c7"><a href="#214829" label="[21:48:29]">&lt;oriansj&gt;</a></span><span class="message">another fun language they did was: <a rel="nofollow" href="https://xorvoid.com/forsp.html">https://xorvoid.com/forsp.html</a> </span></div><div class="line" id="220641"><span class="nick" style="color:#2e2a4a"><a href="#220641" label="[22:06:41]">&lt;lrvick&gt;</a></span><span class="message">Made sure to get a mention of stage0/bootstrapping in here: <a rel="nofollow" href="https://quorum.tkhq.xyz/posts/remote-attestations-useless-without-reproducible-builds/">https://quorum.tkhq.xyz/posts/remote-attestations-useless-without-reproducible-builds/</a> </span></div><br /></div></body></html>