<!DOCTYPE html><html><head><title>IRC channel logs</title><style>html {
  background: #fdfdfd;
}

h1 {
  font-weight: 300;
}

h2 {
  font-weight: 200;
}

h3 {
  padding: .5em 0;
  border-top: 3px dotted #ddd;
  margin-bottom: 0;
}

form {
  width: 400px;
  display: flex;
}

input {
  width: 100%;
  display: flex;
  border-radius: .25em 0 0 .25em;
  border: 1px solid #aaa;
  border-right: 0;
  padding: 0.5em;
}

button {
  display: flex;
  border-radius: 0 .25em .25em 0;
  background-color: #007bff;
  border: 1px solid #007bff;
  padding: .5em;
  cursor: pointer;
  color: white;
}

button:hover {
  background-color: #0069d9;
  border-color: #0062cc;
}

a {
  color: #007bff;
  text-decoration: none;
}

a:hover {
  text-decoration: underline;
}

h4 {
  margin-bottom: .5em;
}

table td {
  padding: 0.75em;
}

table tr:hover {
  background: #eee;
}

.year {
  display: table;
}

.month {
  display: table-cell;
  padding-right: 1em;
}

ul {
  margin: 0;
  padding: 0;
  list-style: none;
}

.nick {
  padding-right: 0.6rem;
  font-weight: bold;
  text-align: right;
  width: 13rem;
  display: table-cell;
}

.nick a {
  color: inherit;
  text-decoration: none;
}

.message {
  display: table-cell;
  padding-left: 0.6rem;
  border-left: 2px solid #333;
}

.notice {
  color: #859900;
  font-style: italic;
}

.line {
  line-height: 1.8rem;
  display: table;
}

#logs {
  margin-top: 1.5rem;
  padding: 1.5rem;
}
</style></head><body><h1>IRC channel logs</h1><h2>2025-01-16.log</h2><p><a href="/bootstrappable">back to list of logs</a></p><div id="logs"><div class="line" id="025935"><span class="nick" style="color:#389600"><a href="#025935" label="[02:59:35]">&lt;lrvick&gt;</a></span><span class="message">Finally got a working pattern <a rel="nofollow" href="https://dpaste.org/ie4zu">https://dpaste.org/ie4zu</a> </span></div><div class="line" id="170317"><span class="nick" style="color:#8dd3c7"><a href="#170317" label="[17:03:17]">&lt;aggi&gt;</a></span><span class="message">finally, checked filesystem options for linux2.4 and year2038, jfs is one candidate to avoid trouble until year 2106</span></div><div class="line" id="170401"><span class="nick" style="color:#8dd3c7"><a href="#170401" label="[17:04:01]">&lt;aggi&gt;</a></span><span class="message"> <a rel="nofollow" href="https://github.com/y2038/y2038-list">https://github.com/y2038/y2038-list</a> </span></div><div class="line" id="204841"><span class="nick" style="color:#389600"><a href="#204841" label="[20:48:41]">&lt;lrvick&gt;</a></span><span class="message">Current setup for a mostly-generated Containerfile runner approach: <a rel="nofollow" href="https://dpaste.org/OXhhv">https://dpaste.org/OXhhv</a> </span></div><div class="line" id="235927"><span class="nick" style="color:#2e2a4a"><a href="#235927" label="[23:59:27]">&lt;mid-kid&gt;</a></span><span class="message">Having a containerfile is really cool. Any reason you're generating it and not just running the scripts directly?</span></div><br /></div></body></html>