<!DOCTYPE html><html><head><title>IRC channel logs</title><style>html {
  background: #fdfdfd;
}

h1 {
  font-weight: 300;
}

h2 {
  font-weight: 200;
}

h3 {
  padding: .5em 0;
  border-top: 3px dotted #ddd;
  margin-bottom: 0;
}

form {
  width: 400px;
  display: flex;
}

input {
  width: 100%;
  display: flex;
  border-radius: .25em 0 0 .25em;
  border: 1px solid #aaa;
  border-right: 0;
  padding: 0.5em;
}

button {
  display: flex;
  border-radius: 0 .25em .25em 0;
  background-color: #007bff;
  border: 1px solid #007bff;
  padding: .5em;
  cursor: pointer;
  color: white;
}

button:hover {
  background-color: #0069d9;
  border-color: #0062cc;
}

a {
  color: #007bff;
  text-decoration: none;
}

a:hover {
  text-decoration: underline;
}

h4 {
  margin-bottom: .5em;
}

table td {
  padding: 0.75em;
}

table tr:hover {
  background: #eee;
}

.year {
  display: table;
}

.month {
  display: table-cell;
  padding-right: 1em;
}

ul {
  margin: 0;
  padding: 0;
  list-style: none;
}

.nick {
  padding-right: 0.6rem;
  font-weight: bold;
  text-align: right;
  width: 13rem;
  display: table-cell;
}

.nick a {
  color: inherit;
  text-decoration: none;
}

.message {
  display: table-cell;
  padding-left: 0.6rem;
  border-left: 2px solid #333;
}

.notice {
  color: #859900;
  font-style: italic;
}

.line {
  line-height: 1.8rem;
  display: table;
}

#logs {
  margin-top: 1.5rem;
  padding: 1.5rem;
}
</style></head><body><h1>IRC channel logs</h1><h2>2025-01-08.log</h2><p><a href="/bootstrappable">back to list of logs</a></p><div id="logs"><div class="line" id="200700"><span class="nick" style="color:#389600"><a href="#200700" label="[20:07:00]">&lt;rkeene&gt;</a></span><span class="message">Hi, I'm trying to add support for symlinks to untar.  I've submitted a few draft PRs, but need to add support for aarch64 and knight ISAs for the changes to M2libc as well as get some feedback.</span></div><div class="line" id="212349"><span class="nick" style="color:#8dd3c7"><a href="#212349" label="[21:23:49]">&lt;stikonas&gt;</a></span><span class="message">rkeene: hmm, it seems that failure to create symlink will be fatal</span></div><div class="line" id="212357"><span class="nick" style="color:#8dd3c7"><a href="#212357" label="[21:23:57]">&lt;stikonas&gt;</a></span><span class="message">I think a lot of code now relies on that not being fatal</span></div><div class="line" id="212413"><span class="nick" style="color:#8dd3c7"><a href="#212413" label="[21:24:13]">&lt;stikonas&gt;</a></span><span class="message">since early kernels that we have don't support symlinks</span></div><div class="line" id="213225"><span class="nick" style="color:#8dd3c7"><a href="#213225" label="[21:32:25]">&lt;stikonas&gt;</a></span><span class="message">(perhaps adding a command line flag to ignore symlink failures or replace then with cp would help)</span></div><div class="line" id="235529"><span class="nick" style="color:#389600"><a href="#235529" label="[23:55:29]">&lt;rkeene&gt;</a></span><span class="message">I'm not sure what you mean.  It's only fatal if `untar` can't create a symlink if STRICT, since that was the convention in the rest of the codebase.</span></div><div class="line" id="235733"><span class="nick" style="color:#389600"><a href="#235733" label="[23:57:33]">&lt;rkeene&gt;</a></span><span class="message">It's always fatal in the case of a tar file containing a long link since the results would be erroneous extraction (i.e., the wrong output -- not incomplete output) since those use the section to contain the destination of the length -- but it's unlikely that's currently being used anywhere.</span></div><br /></div></body></html>