<!DOCTYPE html><html><head><title>IRC channel logs</title><style>html {
  background: #fdfdfd;
}

h1 {
  font-weight: 300;
}

h2 {
  font-weight: 200;
}

h3 {
  padding: .5em 0;
  border-top: 3px dotted #ddd;
  margin-bottom: 0;
}

form {
  width: 400px;
  display: flex;
}

input {
  width: 100%;
  display: flex;
  border-radius: .25em 0 0 .25em;
  border: 1px solid #aaa;
  border-right: 0;
  padding: 0.5em;
}

button {
  display: flex;
  border-radius: 0 .25em .25em 0;
  background-color: #007bff;
  border: 1px solid #007bff;
  padding: .5em;
  cursor: pointer;
  color: white;
}

button:hover {
  background-color: #0069d9;
  border-color: #0062cc;
}

a {
  color: #007bff;
  text-decoration: none;
}

a:hover {
  text-decoration: underline;
}

h4 {
  margin-bottom: .5em;
}

table td {
  padding: 0.75em;
}

table tr:hover {
  background: #eee;
}

.year {
  display: table;
}

.month {
  display: table-cell;
  padding-right: 1em;
}

ul {
  margin: 0;
  padding: 0;
  list-style: none;
}

.nick {
  padding-right: 0.6rem;
  font-weight: bold;
  text-align: right;
  width: 13rem;
  display: table-cell;
}

.nick a {
  color: inherit;
  text-decoration: none;
}

.message {
  display: table-cell;
  padding-left: 0.6rem;
  border-left: 2px solid #333;
}

.notice {
  color: #859900;
  font-style: italic;
}

.line {
  line-height: 1.8rem;
  display: table;
}

#logs {
  margin-top: 1.5rem;
  padding: 1.5rem;
}
</style></head><body><h1>IRC channel logs</h1><h2>2025-01-31.log</h2><p><a href="/bootstrappable">back to list of logs</a></p><div id="logs"><div class="line" id="053601"><span class="nick" style="color:#389600"><a href="#053601" label="[05:36:01]">&lt;ludocode&gt;</a></span><span class="message">Has anyone bootstrapped re2c without generated files? It uses itself to generate its lexer and bison to generate its parsers. It's used in tools like ninja and cmark</span></div><div class="line" id="064358"><span class="nick" style="color:#8dd3c7"><a href="#064358" label="[06:43:58]">&lt;jackdk&gt;</a></span><span class="message">The guix package does not seem to be bothered by this fact =| : <a rel="nofollow" href="https://git.savannah.gnu.org/cgit/guix.git/tree/gnu/packages/re2c.scm">https://git.savannah.gnu.org/cgit/guix.git/tree/gnu/packages/re2c.scm</a> </span></div><div class="line" id="091629"><span class="nick" style="color:#2e2a4a"><a href="#091629" label="[09:16:29]">&lt;plasma41&gt;</a></span><span class="message">ludocode: Unfortunately, it looks like even in the earliest easily-accessible version of re2c, it is a build dependency of itself. <a rel="nofollow" href="https://github.com/skvadrik/re2c/commit/bcf633273c9b17c1985df17b526dab97c1bd9395">https://github.com/skvadrik/re2c/commit/bcf633273c9b17c1985df17b526dab97c1bd9395</a>  Bonus points to anyone who can uncover an old CVS repository with even older revisions.</span></div><div class="line" id="091859"><span class="nick" style="color:#2e2a4a"><a href="#091859" label="[09:18:59]">&lt;plasma41&gt;</a></span><span class="message">This 1993 paper on re2c may prove useful to anyone attempting to write bootstrapping code for re2c from scratch.</span></div><div class="line" id="091904"><span class="nick" style="color:#2e2a4a"><a href="#091904" label="[09:19:04]">&lt;plasma41&gt;</a></span><span class="message"> <a rel="nofollow" href="https://dl.acm.org/doi/abs/10.1145/176454.176487">https://dl.acm.org/doi/abs/10.1145/176454.176487</a> </span></div><div class="line" id="092029"><span class="nick" style="color:#2e2a4a"><a href="#092029" label="[09:20:29]">&lt;plasma41&gt;</a></span><span class="message">If only the FTP server mentioned on this page were still in operation: <a rel="nofollow" href="https://web.archive.org/web/19990912034430/http://www.tildeslash.org/re2c/index.html">https://web.archive.org/web/19990912034430/http://www.tildeslash.org/re2c/index.html</a> </span></div><div class="line" id="112133"><span class="nick" style="color:#6b8072"><a href="#112133" label="[11:21:33]">&lt;lanodan&gt;</a></span><span class="message">How old should it get? <a rel="nofollow" href="http://snapshot.debian.org/package/re2c/">http://snapshot.debian.org/package/re2c/</a> </span></div><div class="line" id="113522"><span class="nick" style="color:#6b8072"><a href="#113522" label="[11:35:22]">&lt;lanodan&gt;</a></span><span class="message">Not old enough…</span></div><div class="line" id="114044"><span class="nick" style="color:#6b8072"><a href="#114044" label="[11:40:44]">&lt;lanodan&gt;</a></span><span class="message">Although I feel like this one could be replaced with a hand-written version</span></div><div class="line" id="120615"><span class="nick" style="color:#6b8072"><a href="#120615" label="[12:06:15]">&lt;lanodan&gt;</a></span><span class="message">Wew pre C++98 code</span></div><div class="line" id="154150"><span class="nick" style="color:#80b1d3"><a href="#154150" label="[15:41:50]">&lt;aggi&gt;</a></span><span class="message">ninja utility got a drop-in replacement implemented in ANSI C, that's samurai</span></div><div class="line" id="154256"><span class="nick" style="color:#6b8072"><a href="#154256" label="[15:42:56]">&lt;lanodan&gt;</a></span><span class="message">Yeah, which is why I don't have re2c here, that said it's used by few other things as well: <a rel="nofollow" href="https://packages.gentoo.org/packages/dev-util/re2c/reverse-dependencies">https://packages.gentoo.org/packages/dev-util/re2c/reverse-dependencies</a> </span></div><div class="line" id="154550"><span class="nick" style="color:#6b8072"><a href="#154550" label="[15:45:50]">&lt;lanodan&gt;</a></span><span class="message">Anyway, tried to see how far I could get but old C++ made me give up and then later versions like 0.14 is a bit more complex and requires autotools which probably ought to be tossed out</span></div><div class="line" id="160901"><span class="nick" style="color:#80b1d3"><a href="#160901" label="[16:09:01]">&lt;aggi&gt;</a></span><span class="message">the development baseline to built upon implies a no-c++ profile fully supported with alternative toolchain, including required development utilties to bootstrap any further _optional_ c++ dependency</span></div><div class="line" id="160938"><span class="nick" style="color:#80b1d3"><a href="#160938" label="[16:09:38]">&lt;aggi&gt;</a></span><span class="message">so far, i got linux2.4 back on board, sanitized musl-libc for linux2 ABI, and a _complete_ @system package set containing all required development utilities</span></div><div class="line" id="161021"><span class="nick" style="color:#80b1d3"><a href="#161021" label="[16:10:21]">&lt;aggi&gt;</a></span><span class="message">i've git-pushed latest kernel patches yesterday: <a rel="nofollow" href="https://codeberg.org/aggi/linux-tcc">https://codeberg.org/aggi/linux-tcc</a> </span></div><div class="line" id="161107"><span class="nick" style="color:#80b1d3"><a href="#161107" label="[16:11:07]">&lt;aggi&gt;</a></span><span class="message">musl-libc patches reside inside an uncommitted git-workspace still, besides a complete fork of a gentoo hotfix-overlay for tinycc/static-linking support</span></div><div class="line" id="161258"><span class="nick" style="color:#80b1d3"><a href="#161258" label="[16:12:58]">&lt;aggi&gt;</a></span><span class="message">i've had a phone interview just today, with some job placement coaches, explaining some labor market compliant contracting was necessary asap</span></div><div class="line" id="211347"><span class="nick" style="color:#6d2462"><a href="#211347" label="[21:13:47]">&lt;matrix_bridge&gt;</a></span><span class="message">&lt;Andrius Štikonas&gt; argh, re2c is depending on itself too...</span></div><div class="line" id="211404"><span class="nick" style="color:#6d2462"><a href="#211404" label="[21:14:04]">&lt;matrix_bridge&gt;</a></span><span class="message">&lt;Andrius Štikonas&gt; and ninja is quite common tool... So hard to avoid re2c</span></div><div class="line" id="211609"><span class="nick" style="color:#6b8072"><a href="#211609" label="[21:16:09]">&lt;lanodan&gt;</a></span><span class="message">ninja can be replaced by samurai at least</span></div><div class="line" id="212043"><span class="nick" style="color:#234e69"><a href="#212043" label="[21:20:43]">&lt;stikonas&gt;</a></span><span class="message">lanodan: for you own builds yes, but I guess it's harder to avoid hardcoded dependencies in distro packages</span></div><div class="line" id="212141"><span class="nick" style="color:#234e69"><a href="#212141" label="[21:21:41]">&lt;stikonas&gt;</a></span><span class="message">well, I guess depends on distro</span></div><div class="line" id="212152"><span class="nick" style="color:#234e69"><a href="#212152" label="[21:21:52]">&lt;stikonas&gt;</a></span><span class="message">on Gentoo it seems that you can use alternatives mechanism</span></div><div class="line" id="212328"><span class="nick" style="color:#6b8072"><a href="#212328" label="[21:23:28]">&lt;lanodan&gt;</a></span><span class="message">Yeah works fine on gentoo and Alpine (which I also use) has been defaulting to samurai as well.</span></div><div class="line" id="213210"><span class="nick" style="color:#234e69"><a href="#213210" label="[21:32:10]">&lt;stikonas&gt;</a></span><span class="message">yeah, switched to samurai too</span></div><div class="line" id="213243"><span class="nick" style="color:#234e69"><a href="#213243" label="[21:32:43]">&lt;stikonas&gt;</a></span><span class="message">mid-kid: CC ^^</span></div><div class="line" id="213251"><span class="nick" style="color:#234e69"><a href="#213251" label="[21:32:51]">&lt;stikonas&gt;</a></span><span class="message">maybe worth switching in your instructions too?</span></div><div class="line" id="233448"><span class="nick" style="color:#8dd3c7"><a href="#233448" label="[23:34:48]">&lt;jackdk&gt;</a></span><span class="message">also note: muon is a c99 pseudo-replacement for meson</span></div><br /></div></body></html>